src/controllers/calendarController.ts(2,10): error TS2305: Module '"@prisma/client"' has no exported member 'PrismaClient'.
src/routes/courses.routes.ts(2,10): error TS2305: Module '"@prisma/client"' has no exported member 'PrismaClient'.
src/services/prioritizationService.ts(1,10): error TS2305: Module '"@prisma/client"' has no exported member 'PrismaClient'.
src/services/prioritizationService.ts(15,38): error TS7006: Parameter 'task' implicitly has an 'any' type.
src/services/prioritizationService.ts(47,26): error TS7006: Parameter 'a' implicitly has an 'any' type.
src/services/prioritizationService.ts(47,29): error TS7006: Parameter 'b' implicitly has an 'any' type.
